tests/input/a/b/hello4.docx
1. Test #4 
tests/input/a/hello3.docx
1. Test #3 
