tests/input/no_found.docx -- IO error for operation on tests/input/no_found.docx: No such file or directory (os error 2)
