---tests/input/no_open.docx--- Permission denied (os error 13)
